
> erfantacalcio.next-mui@0.1.0 test
> vitest run

The CJS build of Vite's Node API is deprecated. See https://vite.dev/guide/troubleshooting.html#vite-cjs-node-api-deprecated for more details.

[1m[7m[36m RUN [39m[27m[22m [36mv2.1.9 [39m[90mC:/Sviluppo/Personal/erfantacalcio[39m

 [32mÔ£ô[39m src/server/api/statisticheSquadre/procedures/riepilogo.test.ts [2m([22m[2m22 tests[22m[2m)[22m[90m 12[2mms[22m[39m
 [32mÔ£ô[39m src/server/api/partita/procedures/getTabellini.test.ts [2m([22m[2m26 tests[22m[2m)[22m[90m 12[2mms[22m[39m
 [32mÔ£ô[39m src/server/api/formazione/procedures/confirmPrecedente.test.ts [2m([22m[2m17 tests[22m[2m)[22m[90m 13[2mms[22m[39m
 [32mÔ£ô[39m src/server/api/formazione/procedures/create.test.ts [2m([22m[2m30 tests[22m[2m)[22m[90m 24[2mms[22m[39m
 [32mÔ£ô[39m src/schemas/calendario/index.test.ts [2m([22m[2m15 tests[22m[2m)[22m[90m 16[2mms[22m[39m
 [32mÔ£ô[39m src/__tests__/utils/helper.test.ts [2m([22m[2m53 tests[22m[2m)[22m[90m 16[2mms[22m[39m
 [32mÔ£ô[39m src/server/services/tabelliniService.test.ts [2m([22m[2m7 tests[22m[2m)[22m[90m 7[2mms[22m[39m
 [32mÔ£ô[39m src/components/squadra/utils.test.ts [2m([22m[2m26 tests[22m[2m)[22m[90m 32[2mms[22m[39m
 [32mÔ£ô[39m src/server/services/statisticheService.test.ts [2m([22m[2m19 tests[22m[2m)[22m[90m 12[2mms[22m[39m
 [32mÔ£ô[39m src/server/api/voti/procedures/processVoti.test.ts [2m([22m[2m13 tests[22m[2m)[22m[90m 9[2mms[22m[39m
 [31mÔØ»[39m src/server/services/votiService.test.ts [2m([22m[2m10 tests[22m[2m | [22m[31m1 failed[39m[2m)[22m[90m 17[2mms[22m[39m
[31m   [31m├ù[31m votiService[2m > [22mcalcBonusVoto[2m > [22mshould calculate bonus for player with only positive bonus[90m 12[2mms[22m[31m[39m
[31m     ÔåÆ expected -0 to deeply equal +0[39m
 [32mÔ£ô[39m src/__tests__/server/api/risultati/classifica.test.ts [2m([22m[2m8 tests[22m[2m)[22m[90m 10[2mms[22m[39m
 [32mÔ£ô[39m src/schemas/maglia/index.test.ts [2m([22m[2m15 tests[22m[2m)[22m[90m 14[2mms[22m[39m
 [32mÔ£ô[39m src/server/services/formazioneService.test.ts [2m([22m[2m13 tests[22m[2m)[22m[90m 10[2mms[22m[39m
 [32mÔ£ô[39m src/__tests__/schemas/giocatore.test.ts [2m([22m[2m16 tests[22m[2m)[22m[90m 15[2mms[22m[39m
 [32mÔ£ô[39m src/__tests__/schemas/calendario.test.ts [2m([22m[2m9 tests[22m[2m)[22m[90m 12[2mms[22m[39m
 [32mÔ£ô[39m src/__tests__/utils/bergerTables.test.ts [2m([22m[2m10 tests[22m[2m)[22m[90m 11[2mms[22m[39m
 [32mÔ£ô[39m src/__tests__/utils/numberUtils.test.ts [2m([22m[2m16 tests[22m[2m)[22m[90m 36[2mms[22m[39m
 [32mÔ£ô[39m src/__tests__/utils/hashPassword.test.ts [2m([22m[2m14 tests[22m[2m)[22m[33m 643[2mms[22m[39m
 [32mÔ£ô[39m src/__tests__/schemas/presidente.test.ts [2m([22m[2m11 tests[22m[2m)[22m[90m 12[2mms[22m[39m
 [32mÔ£ô[39m src/__tests__/unit/checkDataFormazione.test.ts [2m([22m[2m6 tests[22m[2m)[22m[90m 5[2mms[22m[39m
 [32mÔ£ô[39m src/__tests__/utils/dateUtils.test.ts [2m([22m[2m12 tests[22m[2m)[22m[90m 33[2mms[22m[39m
 [32mÔ£ô[39m src/__tests__/utils/stringUtils.test.ts [2m([22m[2m12 tests[22m[2m)[22m[90m 7[2mms[22m[39m
 [32mÔ£ô[39m src/__tests__/server/utils/common.pure.test.ts [2m([22m[2m32 tests[22m[2m)[22m[90m 7[2mms[22m[39m

ÔÄ»ÔÄ»ÔÄ»ÔÄ»ÔÄ»ÔÄ»ÔÄ» Failed Tests 1 ÔÄ»ÔÄ»ÔÄ»ÔÄ»ÔÄ»ÔÄ»ÔÄ»

 FAIL  src/server/services/votiService.test.ts > votiService > calcBonusVoto > should calculate bonus for player with only positive bonus
AssertionError: expected -0 to deeply equal +0

- Expected
+ Received

- 0
+ -0

 ÔØ» src/server/services/votiService.test.ts:54:30
     52|       expect(result.ammonizione).toBe(0)
     53|       expect(result.espulsione).toBe(0)
     54|       expect(result.autogol).toEqual(0) // Use toEqual to handle -0 ==ÔÇª
       |                              ^
     55|       expect(result.altriBonus).toBe(0)
     56|     })

ÔÄ»ÔÄ»ÔÄ»ÔÄ»ÔÄ»ÔÄ»ÔÄ»ÔÄ»ÔÄ»ÔÄ»ÔÄ»ÔÄ»ÔÄ»ÔÄ»ÔÄ»ÔÄ»ÔÄ»ÔÄ»ÔÄ»ÔÄ»ÔÄ»ÔÄ»ÔÄ»ÔÄ»[1/1]ÔÄ»

[2m Test Files [22m [1m[31m1 failed[39m[22m[2m | [22m[1m[32m23 passed[39m[22m[90m (24)[39m
[2m      Tests [22m [1m[31m1 failed[39m[22m[2m | [22m[1m[32m411 passed[39m[22m[90m (412)[39m
[2m   Start at [22m 10:32:21
[2m   Duration [22m 9.60s[2m (transform 7.13s, setup 0ms, collect 20.23s, tests 989ms, environment 6ms, prepare 5.98s)[22m

